{
  "Id": "00000000-0000-0000-0000-000000000000",
  "Tenant": null,
  "Enabled": true,
  "ClientId": "",
  "ProtocolType": "oidc",
  "ClientSecrets": [
    {
      "Id": "00000000-0000-0000-0000-000000000000",
      "Description": null,
      "Value": null,
      "Expiration": null,
      "Type": "SharedSecret"
    }
  ],
  "RequireClientSecret": true,
  "Name": "_",
  "Description": null,
  "ClientUri": null,
  "LogoUri": null,
  "RequireConsent": false,
  "AllowRememberConsent": true,
  "AllowedGrantTypes": [],
  "RequirePkce": true,
  "AllowPlainTextPkce": false,
  "RequireRequestObject": false,
  "AllowAccessTokensViaBrowser": false,
  "RedirectUris": [],
  "PostLogoutRedirectUris": [],
  "FrontChannelLogoutUri": null,
  "FrontChannelLogoutSessionRequired": true,
  "BackChannelLogoutUri": null,
  "BackChannelLogoutSessionRequired": true,
  "AllowOfflineAccess": false,
  "AllowedScopes": [],
  "AlwaysIncludeUserClaimsInIdToken": false,
  "IdentityTokenLifetime": 300,
  "AllowedIdentityTokenSigningAlgorithms": [],
  "AccessTokenLifetime": 3600,
  "AuthorizationCodeLifetime": 300,
  "AbsoluteRefreshTokenLifetime": 2592000,
  "SlidingRefreshTokenLifetime": 1296000,
  "ConsentLifetime": null,
  "RefreshTokenUsage": "OneTimeOnly",
  "UpdateAccessTokenClaimsOnRefresh": false,
  "RefreshTokenExpiration": "Absolute",
  "AccessTokenType": "Jwt",
  "EnableLocalLogin": true,
  "IdentityProviderRestrictions": [],
  "IncludeJwtId": true,
  "Claims": [],
  "AlwaysSendClientClaims": false,
  "ClientClaimsPrefix": "_client",
  "PairWiseSubjectSalt": null,
  "UserSsoLifetime": null,
  "UserCodeType": null,
  "DeviceCodeLifetime": 0,
  "AllowedCorsOrigins": [],
  "Environments": [
    "aac99c0f-69d6-496d-a86a-b8a12b54c8c6"
  ],
  "Version": null,
  "Properties": {},
  "DataConnectors": null,
  "EnabledProviders": null,
  "Title": "_"
}
